../Core/Src/main.c:131:6:Update_Time_Reference	8	static
../Core/Src/main.c:140:13:SD_WriteTaggedRecord	32	static
../Core/Src/main.c:157:37:Format_Float_As_Int	72	static
../Core/Src/main.c:172:5:main	312	static
../Core/Src/main.c:587:6:SystemClock_Config	88	static
../Core/Src/main.c:617:13:MX_I2C1_Init	8	static
../Core/Src/main.c:631:13:MX_RTC_Init	8	static
../Core/Src/main.c:644:13:MX_SPI1_Init	8	static
../Core/Src/main.c:661:13:MX_TIM2_Init	32	static
../Core/Src/main.c:683:13:MX_USART2_UART_Init	8	static
../Core/Src/main.c:696:13:MX_DMA_Init	16	static
../Core/Src/main.c:704:13:MX_GPIO_Init	48	static
../Core/Src/main.c:740:6:HAL_TIM_PeriodElapsedCallback	16	static
../Core/Src/main.c:760:6:HAL_GPIO_EXTI_Callback	16	static
../Core/Src/main.c:771:6:Error_Handler	4	static,ignoring_inline_asm
